Command: /home/MainUser/.espressif/python_env/idf5.5_py3.13_env/bin/python /home/MainUser/esp/esp-idf/tools/idf_monitor.py -p /dev/ttyACM1 -b 115200 --toolchain-prefix xtensa-esp32s3-elf- --target esp32s3 --revision 0 /home/MainUser/Documents/Projects/McHacks_2026/esp_main/build/McHacks.elf /home/MainUser/Documents/Projects/McHacks_2026/esp_main/build/bootloader/bootloader.elf -m '/home/MainUser/.espressif/python_env/idf5.5_py3.13_env/bin/python' '/home/MainUser/esp/esp-idf/tools/idf.py'
ESP-ROM:esp32s3-20210327
Build:Mar 27 2021
rst:0x1 (POWERON),boot:0x8 (SPI_FAST_FLASH_BOOT)
SPIWP:0xee
mode:DIO, clock div:1
load:0x3fce2820,len:0x158c
load:0x403c8700,len:0xd24
load:0x403cb700,len:0x2f34
entry 0x403c8924
[0;32mI (24) boot: ESP-IDF v5.5.1-dirty 2nd stage bootloader[0m
[0;32mI (25) boot: compile time Jan 17 2026 12:51:24[0m
[0;32mI (25) boot: Multicore bootloader[0m
[0;32mI (25) boot: chip revision: v0.2[0m
[0;32mI (28) boot: efuse block revision: v1.3[0m
[0;32mI (32) boot.esp32s3: Boot SPI Speed : 80MHz[0m
[0;32mI (36) boot.esp32s3: SPI Mode       : DIO[0m
[0;32mI (39) boot.esp32s3: SPI Flash Size : 2MB[0m
[0;32mI (43) boot: Enabling RNG early entropy source...[0m
[0;32mI (48) boot: Partition Table:[0m
[0;32mI (50) boot: ## Label            Usage          Type ST Offset   Length[0m
[0;32mI (57) boot:  0 nvs              WiFi data        01 02 00009000 00006000[0m
[0;32mI (63) boot:  1 phy_init         RF data          01 01 0000f000 00001000[0m
[0;32mI (70) boot:  2 factory          factory app      00 00 00010000 00100000[0m
[0;32mI (76) boot: End of partition table[0m
[0;32mI (79) esp_image: segment 0: paddr=00010020 vaddr=3c090020 size=24e58h (151128) map[0m
[0;32mI (113) esp_image: segment 1: paddr=00034e80 vaddr=3fc9c500 size=03f3ch ( 16188) load[0m
[0;32mI (117) esp_image: segment 2: paddr=00038dc4 vaddr=40374000 size=07254h ( 29268) load[0m
[0;32mI (124) esp_image: segment 3: paddr=00040020 vaddr=42000020 size=89cach (564396) map[0m
[0;32mI (224) esp_image: segment 4: paddr=000c9cd4 vaddr=4037b254 size=111bch ( 70076) load[0m
[0;32mI (245) esp_image: segment 5: paddr=000dae98 vaddr=50000000 size=00020h (    32) load[0m
[0;32mI (254) boot: Loaded app from partition at offset 0x10000[0m
[0;32mI (255) boot: Disabling RNG early entropy source...[0m
[0;32mI (265) cpu_start: Multicore app[0m
[0;32mI (274) cpu_start: Pro cpu start user code[0m
[0;32mI (274) cpu_start: cpu freq: 160000000 Hz[0m
[0;32mI (279) app_init: Application information:[0m
[0;32mI (279) app_init: Project name:     McHacks[0m
[0;32mI (279) app_init: App version:      bd01d8c-dirty[0m
[0;32mI (284) app_init: Compile time:     Jan 17 2026 12:59:31[0m
[0;32mI (289) app_init: ELF file SHA256:  3f9419c5d...[0m
[0;32mI (293) app_init: ESP-IDF:          v5.5.1-dirty[0m
[0;32mI (297) efuse_init: Min chip rev:     v0.0[0m
[0;32mI (301) efuse_init: Max chip rev:     v0.99 [0m
[0;32mI (305) efuse_init: Chip rev:         v0.2[0m
[0;32mI (309) heap_init: Initializing. RAM available for dynamic allocation:[0m
[0;32mI (315) heap_init: At 3FCA54A0 len 00044270 (272 KiB): RAM[0m
[0;32mI (320) heap_init: At 3FCE9710 len 00005724 (21 KiB): RAM[0m
[0;32mI (325) heap_init: At 3FCF0000 len 00008000 (32 KiB): DRAM[0m
[0;32mI (331) heap_init: At 600FE000 len 00001FE8 (7 KiB): RTCRAM[0m
[0;32mI (337) spi_flash: detected chip: gd[0m
[0;32mI (339) spi_flash: flash io: dio[0m
[0;33mW (342) spi_flash: Detected size(8192k) larger than the size in the binary image header(2048k). Using the size in the binary image header.[0m
[0;32mI (355) sleep_gpio: Configure to isolate all GPIO pins in sleep state[0m
[0;32mI (361) sleep_gpio: Enable automatic switching of GPIO sleep configuration[0m
[0;32mI (367) coexist: coex firmware version: b0bcc39[0m
[0;32mI (386) coexist: coexist rom version e7ae62f[0m
[0;32mI (387) main_task: Started on CPU0[0m
[0;32mI (397) main_task: Calling app_main()[0m
[0;32mI (617) Gï¿½ï¿½I (627) BLE_INIT: BT controller compile version [2edb0b0][0m
[0;32mI (627) BLE_INIT: Using main XTAL as clock source[0m
[0;32mI (627) BLE_INIT: Feature Config, ADV:1, BLE_50:1, DTM:1, SCAN:1, CCA:0, SMP:1, CONNECT:1[0m
[0;32mI (637) BLE_INIT: Bluetooth MAC: d8:3b:da:49:b8:5e[0m
[0;32mI (637) phy_init: phy_version 701,f4f1da3a,Mar  3 2025,15:50:10[0m
[0;32mI (677) GATTS_SPP_DEMO: server_app_main init bluetooth[0m
[0;32mI (697) GATTS_SPP_DEMO: GATT server register, status 0, app_id 86, gatts_if 3[0m
[0;32mI (707) GATTS_SPP_DEMO: The number handle d[0m
[0;32mI (707) GATTS_SPP_DEMO: Service start, status 0, service_handle 40[0m
[0;32mI (707) GATTS_SPP_DEMO: Advertising start successfully[0m
[0;32mI (717) main_task: Returned from app_main()[0m
[0;33mW (6887) BT_HCI: hcif disc complete: hdl 0x1, rsn 0x8 dev_find 1[0m
[0;33mW (6887) BT_HCI: btu_hcif_hdl_command_status,opcode:0x2016,status:0x02[0m
[0;32mI (7947) GATTS_SPP_DEMO: Connected, conn_id 0, remote 80:b5:4e:c3:81:7e[0m
[0;33mW (13957) BT_HCI: hcif disc complete: hdl 0x1, rsn 0x8 dev_find 1[0m
[0;32mI (13957) GATTS_SPP_DEMO: Disconnected, remote 80:b5:4e:c3:81:7e, reason 0x08[0m
[0;32mI (13957) GATTS_SPP_DEMO: Advertising start successfully[0m
[0;32mI (14177) GATTS_SPP_DEMO: Connected, conn_id 0, remote 80:b5:4e:c3:81:7e[0m
[0;33mW (20257) BT_HCI: hcif disc complete: hdl 0x1, rsn 0x8 dev_find 1[0m
[0;32mI (20257) GATTS_SPP_DEMO: Disconnected, remote 80:b5:4e:c3:81:7e, reason 0x08[0m
[0;32mI (20267) GATTS_SPP_DEMO: Advertising start successfully[0m
[0;32mI (20427) GATTS_SPP_DEMO: Connected, conn_id 0, remote 80:b5:4e:c3:81:7e[0m
[0;33mW (26507) BT_HCI: hcif disc complete: hdl 0x1, rsn 0x8 dev_find 1[0m
[0;32mI (26517) GATTS_SPP_DEMO: Disconnected, remote 80:b5:4e:c3:81:7e, reason 0x08[0m
[0;32mI (26517) GATTS_SPP_DEMO: Advertising start successfully[0m
[0;33mW (26777) BT_HCI: hcif disc complete: hdl 0x1, rsn 0x3e dev_find 1[0m
[0;33mW (26777) BT_HCI: btu_hcif_hdl_command_status,opcode:0x2016,status:0x02[0m
[0;32mI (27367) GATTS_SPP_DEMO: Connected, conn_id 0, remote 80:b5:4e:c3:81:7e[0m
